{"level":"info","message":"✅ Connexion à MongoDB établie avec succès","service":"progease-api","timestamp":"2025-06-14 02:02:03"}
{"level":"info","message":"🚀 Serveur GraphQL démarré","service":"progease-api","timestamp":"2025-06-14 02:02:03"}
{"level":"info","message":"Serveur démarré sur le port undefined","service":"progease-api","timestamp":"2025-06-14 02:02:03"}
{"level":"info","message":"Mode: undefined","service":"progease-api","timestamp":"2025-06-14 02:02:03"}
{"level":"info","message":"GraphQL Playground: http://localhost:undefined/graphql","service":"progease-api","timestamp":"2025-06-14 02:02:03"}
{"level":"info","message":"✅ Connexion à MongoDB établie avec succès","service":"progease-api","timestamp":"2025-06-14 02:02:42"}
{"level":"info","message":"🚀 Serveur GraphQL démarré","service":"progease-api","timestamp":"2025-06-14 02:02:42"}
{"level":"info","message":"Serveur démarré sur le port undefined","service":"progease-api","timestamp":"2025-06-14 02:02:42"}
{"level":"info","message":"Mode: undefined","service":"progease-api","timestamp":"2025-06-14 02:02:42"}
{"level":"info","message":"GraphQL Playground: http://localhost:undefined/graphql","service":"progease-api","timestamp":"2025-06-14 02:02:42"}
{"level":"info","message":"✅ Connexion à MongoDB établie avec succès","service":"progease-api","timestamp":"2025-06-14 02:04:05"}
{"level":"info","message":"🚀 Serveur GraphQL démarré","service":"progease-api","timestamp":"2025-06-14 02:04:05"}
{"level":"info","message":"Serveur démarré sur le port undefined","service":"progease-api","timestamp":"2025-06-14 02:04:05"}
{"level":"info","message":"Mode: undefined","service":"progease-api","timestamp":"2025-06-14 02:04:05"}
{"level":"info","message":"GraphQL Playground: http://localhost:undefined/graphql","service":"progease-api","timestamp":"2025-06-14 02:04:05"}
{"level":"info","message":"Signal SIGINT reçu. Arrêt du serveur...","service":"progease-api","timestamp":"2025-06-14 02:04:28"}
{"level":"info","message":"✅ Connexion à MongoDB établie avec succès","service":"progease-api","timestamp":"2025-06-14 02:04:33"}
{"level":"info","message":"🚀 Serveur GraphQL démarré","service":"progease-api","timestamp":"2025-06-14 02:04:33"}
{"level":"info","message":"Serveur démarré sur le port undefined","service":"progease-api","timestamp":"2025-06-14 02:04:33"}
{"level":"info","message":"Mode: undefined","service":"progease-api","timestamp":"2025-06-14 02:04:33"}
{"level":"info","message":"GraphQL Playground: http://localhost:undefined/graphql","service":"progease-api","timestamp":"2025-06-14 02:04:33"}
{"level":"info","message":"Signal SIGINT reçu. Arrêt du serveur...","service":"progease-api","timestamp":"2025-06-14 02:04:51"}
{"level":"info","message":"✅ Connexion à MongoDB établie avec succès","service":"progease-api","timestamp":"2025-06-14 02:07:09"}
{"level":"info","message":"🚀 Serveur GraphQL démarré","service":"progease-api","timestamp":"2025-06-14 02:07:09"}
{"level":"info","message":"Serveur démarré sur le port undefined","service":"progease-api","timestamp":"2025-06-14 02:07:09"}
{"level":"info","message":"Mode: undefined","service":"progease-api","timestamp":"2025-06-14 02:07:09"}
{"level":"info","message":"GraphQL Playground: http://localhost:undefined/graphql","service":"progease-api","timestamp":"2025-06-14 02:07:09"}
{"level":"info","message":"✅ Connexion à MongoDB établie avec succès","service":"progease-api","timestamp":"2025-06-14 02:07:40"}
{"level":"info","message":"🚀 Serveur GraphQL démarré","service":"progease-api","timestamp":"2025-06-14 02:07:40"}
{"level":"info","message":"Serveur démarré sur le port undefined","service":"progease-api","timestamp":"2025-06-14 02:07:40"}
{"level":"info","message":"Mode: undefined","service":"progease-api","timestamp":"2025-06-14 02:07:40"}
{"level":"info","message":"GraphQL Playground: http://localhost:undefined/graphql","service":"progease-api","timestamp":"2025-06-14 02:07:40"}
{"level":"info","message":"✅ Connexion à MongoDB établie avec succès","service":"progease-api","timestamp":"2025-06-14 02:08:49"}
{"level":"info","message":"🚀 Serveur GraphQL démarré","service":"progease-api","timestamp":"2025-06-14 02:08:49"}
{"level":"info","message":"Serveur démarré sur le port undefined","service":"progease-api","timestamp":"2025-06-14 02:08:49"}
{"level":"info","message":"Mode: undefined","service":"progease-api","timestamp":"2025-06-14 02:08:49"}
{"level":"info","message":"GraphQL Playground: http://localhost:undefined/graphql","service":"progease-api","timestamp":"2025-06-14 02:08:49"}
{"level":"info","message":"✅ Connexion à MongoDB établie avec succès","service":"progease-api","timestamp":"2025-06-14 02:12:38"}
{"level":"info","message":"🚀 Serveur GraphQL démarré","service":"progease-api","timestamp":"2025-06-14 02:12:38"}
{"level":"info","message":"Serveur démarré sur le port undefined","service":"progease-api","timestamp":"2025-06-14 02:12:38"}
{"level":"info","message":"Mode: undefined","service":"progease-api","timestamp":"2025-06-14 02:12:38"}
{"level":"info","message":"GraphQL Playground: http://localhost:undefined/graphql","service":"progease-api","timestamp":"2025-06-14 02:12:38"}
{"level":"info","message":"✅ Connexion à MongoDB établie avec succès","service":"progease-api","timestamp":"2025-06-14 19:03:27"}
{"level":"info","message":"🚀 Serveur GraphQL démarré","service":"progease-api","timestamp":"2025-06-14 19:03:27"}
{"level":"info","message":"Serveur démarré sur le port undefined","service":"progease-api","timestamp":"2025-06-14 19:03:27"}
{"level":"info","message":"Mode: undefined","service":"progease-api","timestamp":"2025-06-14 19:03:27"}
{"level":"info","message":"GraphQL Playground: http://localhost:undefined/graphql","service":"progease-api","timestamp":"2025-06-14 19:03:27"}
{"level":"info","message":"✅ Connexion à MongoDB établie avec succès","service":"progease-api","timestamp":"2025-06-14 19:04:58"}
{"level":"info","message":"🚀 Serveur GraphQL démarré","service":"progease-api","timestamp":"2025-06-14 19:04:58"}
{"level":"info","message":"Serveur démarré sur le port undefined","service":"progease-api","timestamp":"2025-06-14 19:04:58"}
{"level":"info","message":"Mode: undefined","service":"progease-api","timestamp":"2025-06-14 19:04:58"}
{"level":"info","message":"GraphQL Playground: http://localhost:undefined/graphql","service":"progease-api","timestamp":"2025-06-14 19:04:58"}
{"level":"info","message":"✅ Connexion à MongoDB établie avec succès","service":"progease-api","timestamp":"2025-06-14 19:05:26"}
{"level":"info","message":"🚀 Serveur GraphQL démarré","service":"progease-api","timestamp":"2025-06-14 19:05:26"}
{"level":"info","message":"Serveur démarré sur le port undefined","service":"progease-api","timestamp":"2025-06-14 19:05:26"}
{"level":"info","message":"Mode: undefined","service":"progease-api","timestamp":"2025-06-14 19:05:26"}
{"level":"info","message":"GraphQL Playground: http://localhost:undefined/graphql","service":"progease-api","timestamp":"2025-06-14 19:05:26"}
{"level":"info","message":"✅ Connexion à MongoDB établie avec succès","service":"progease-api","timestamp":"2025-06-14 19:05:45"}
{"level":"info","message":"✅ Connexion à MongoDB établie avec succès","service":"progease-api","timestamp":"2025-06-14 19:05:45"}
{"level":"info","message":"🚀 Serveur GraphQL démarré","service":"progease-api","timestamp":"2025-06-14 19:05:45"}
{"level":"info","message":"Serveur démarré sur le port 4000","service":"progease-api","timestamp":"2025-06-14 19:05:45"}
{"level":"info","message":"Mode: development","service":"progease-api","timestamp":"2025-06-14 19:05:45"}
{"level":"info","message":"GraphQL Playground: http://localhost:4000/graphql","service":"progease-api","timestamp":"2025-06-14 19:05:45"}
{"level":"info","message":"✅ Connexion à MongoDB établie avec succès","service":"progease-api","timestamp":"2025-06-14 19:07:25"}
{"level":"info","message":"🚀 Serveur GraphQL démarré","service":"progease-api","timestamp":"2025-06-14 19:07:25"}
{"level":"info","message":"Serveur démarré sur le port 4000","service":"progease-api","timestamp":"2025-06-14 19:07:25"}
{"level":"info","message":"Mode: development","service":"progease-api","timestamp":"2025-06-14 19:07:25"}
{"level":"info","message":"GraphQL Playground: http://localhost:4000/graphql","service":"progease-api","timestamp":"2025-06-14 19:07:25"}
{"level":"info","message":"\u001b[0mGET /graphql \u001b[32m200\u001b[0m 1.003 ms - -\u001b[0m","service":"progease-api","timestamp":"2025-06-14 19:08:09"}
{"level":"info","message":"✅ Connexion à MongoDB établie avec succès","service":"progease-api","timestamp":"2025-06-14 19:12:16"}
{"level":"info","message":"🚀 Serveur GraphQL démarré","service":"progease-api","timestamp":"2025-06-14 19:12:16"}
{"level":"info","message":"Serveur démarré sur le port 4000","service":"progease-api","timestamp":"2025-06-14 19:12:16"}
{"level":"info","message":"Mode: development","service":"progease-api","timestamp":"2025-06-14 19:12:16"}
{"level":"info","message":"GraphQL Playground: http://localhost:4000/graphql","service":"progease-api","timestamp":"2025-06-14 19:12:16"}
{"level":"info","message":"✅ Connexion à MongoDB établie avec succès","service":"progease-api","timestamp":"2025-06-14 19:12:22"}
{"level":"info","message":"✅ Connexion à MongoDB établie avec succès","service":"progease-api","timestamp":"2025-06-14 19:12:41"}
{"level":"info","message":"🚀 Serveur GraphQL démarré","service":"progease-api","timestamp":"2025-06-14 19:12:41"}
{"level":"info","message":"Serveur démarré sur le port 4000","service":"progease-api","timestamp":"2025-06-14 19:12:41"}
{"level":"info","message":"Mode: development","service":"progease-api","timestamp":"2025-06-14 19:12:41"}
{"level":"info","message":"GraphQL Playground: http://localhost:4000/graphql","service":"progease-api","timestamp":"2025-06-14 19:12:41"}
{"level":"info","message":"\u001b[0mGET /graphql \u001b[32m200\u001b[0m 0.953 ms - -\u001b[0m","service":"progease-api","timestamp":"2025-06-14 19:12:51"}
{"level":"info","message":"✅ Connexion à MongoDB établie avec succès","service":"progease-api","timestamp":"2025-06-14 19:16:47"}
{"level":"info","message":"🚀 Serveur GraphQL démarré","service":"progease-api","timestamp":"2025-06-14 19:16:47"}
{"level":"info","message":"Serveur démarré sur le port 4000","service":"progease-api","timestamp":"2025-06-14 19:16:47"}
{"level":"info","message":"Mode: development","service":"progease-api","timestamp":"2025-06-14 19:16:47"}
{"level":"info","message":"GraphQL Playground: http://localhost:4000/graphql","service":"progease-api","timestamp":"2025-06-14 19:16:47"}
{"level":"info","message":"\u001b[0mGET /graphql \u001b[32m200\u001b[0m 0.935 ms - -\u001b[0m","service":"progease-api","timestamp":"2025-06-14 19:17:05"}
{"level":"info","message":"✅ Connexion à MongoDB établie avec succès","service":"progease-api","timestamp":"2025-06-14 19:17:27"}
{"level":"info","message":"🚀 Serveur GraphQL démarré","service":"progease-api","timestamp":"2025-06-14 19:17:27"}
{"level":"info","message":"Serveur démarré sur le port 4000","service":"progease-api","timestamp":"2025-06-14 19:17:27"}
{"level":"info","message":"Mode: development","service":"progease-api","timestamp":"2025-06-14 19:17:27"}
{"level":"info","message":"GraphQL Playground: http://localhost:4000/graphql","service":"progease-api","timestamp":"2025-06-14 19:17:27"}
{"level":"info","message":"✅ Connexion à MongoDB établie avec succès","service":"progease-api","timestamp":"2025-06-14 19:17:31"}
{"level":"info","message":"🚀 Serveur GraphQL démarré","service":"progease-api","timestamp":"2025-06-14 19:17:31"}
{"level":"info","message":"Serveur démarré sur le port 4000","service":"progease-api","timestamp":"2025-06-14 19:17:31"}
{"level":"info","message":"Mode: development","service":"progease-api","timestamp":"2025-06-14 19:17:31"}
{"level":"info","message":"GraphQL Playground: http://localhost:4000/graphql","service":"progease-api","timestamp":"2025-06-14 19:17:31"}
{"level":"info","message":"✅ Connexion à MongoDB établie avec succès","service":"progease-api","timestamp":"2025-06-14 19:17:51"}
{"level":"info","message":"🚀 Serveur GraphQL démarré","service":"progease-api","timestamp":"2025-06-14 19:17:51"}
{"level":"info","message":"Serveur démarré sur le port 4000","service":"progease-api","timestamp":"2025-06-14 19:17:51"}
{"level":"info","message":"Mode: development","service":"progease-api","timestamp":"2025-06-14 19:17:51"}
{"level":"info","message":"GraphQL Playground: http://localhost:4000/graphql","service":"progease-api","timestamp":"2025-06-14 19:17:51"}
{"level":"info","message":"\u001b[0mGET /graphql \u001b[32m200\u001b[0m 1.000 ms - -\u001b[0m","service":"progease-api","timestamp":"2025-06-14 19:18:01"}
{"level":"info","message":"✅ Connexion à MongoDB établie avec succès","service":"progease-api","timestamp":"2025-06-14 19:18:54"}
{"level":"info","message":"🚀 Serveur GraphQL démarré","service":"progease-api","timestamp":"2025-06-14 19:18:54"}
{"level":"info","message":"Serveur démarré sur le port 4000","service":"progease-api","timestamp":"2025-06-14 19:18:54"}
{"level":"info","message":"Mode: development","service":"progease-api","timestamp":"2025-06-14 19:18:54"}
{"level":"info","message":"GraphQL Playground: http://localhost:4000/graphql","service":"progease-api","timestamp":"2025-06-14 19:18:54"}
{"level":"info","message":"\u001b[0mGET /graphql \u001b[32m200\u001b[0m 0.936 ms - -\u001b[0m","service":"progease-api","timestamp":"2025-06-14 19:19:03"}
{"level":"info","message":"✅ Connexion à MongoDB établie avec succès","service":"progease-api","timestamp":"2025-06-14 19:19:45"}
{"level":"info","message":"🚀 Serveur GraphQL démarré","service":"progease-api","timestamp":"2025-06-14 19:19:45"}
{"level":"info","message":"Serveur démarré sur le port 4000","service":"progease-api","timestamp":"2025-06-14 19:19:45"}
{"level":"info","message":"Mode: development","service":"progease-api","timestamp":"2025-06-14 19:19:45"}
{"level":"info","message":"GraphQL Playground: http://localhost:4000/graphql","service":"progease-api","timestamp":"2025-06-14 19:19:45"}
{"level":"info","message":"\u001b[0mGET /graphql \u001b[32m200\u001b[0m 1.112 ms - -\u001b[0m","service":"progease-api","timestamp":"2025-06-14 19:19:56"}
{"level":"info","message":"✅ Connexion à MongoDB établie avec succès","service":"progease-api","timestamp":"2025-06-14 19:20:23"}
{"level":"info","message":"🚀 Serveur GraphQL démarré","service":"progease-api","timestamp":"2025-06-14 19:20:23"}
{"level":"info","message":"Serveur démarré sur le port 4000","service":"progease-api","timestamp":"2025-06-14 19:20:23"}
{"level":"info","message":"Mode: development","service":"progease-api","timestamp":"2025-06-14 19:20:23"}
{"level":"info","message":"GraphQL Playground: http://localhost:4000/graphql","service":"progease-api","timestamp":"2025-06-14 19:20:23"}
{"level":"info","message":"✅ Connexion à MongoDB établie avec succès","service":"progease-api","timestamp":"2025-06-14 19:20:31"}
{"level":"info","message":"🚀 Serveur GraphQL démarré","service":"progease-api","timestamp":"2025-06-14 19:20:31"}
{"level":"info","message":"Serveur démarré sur le port 4000","service":"progease-api","timestamp":"2025-06-14 19:20:31"}
{"level":"info","message":"Mode: development","service":"progease-api","timestamp":"2025-06-14 19:20:31"}
{"level":"info","message":"GraphQL Playground: http://localhost:4000/graphql","service":"progease-api","timestamp":"2025-06-14 19:20:31"}
{"level":"info","message":"✅ Connexion à MongoDB établie avec succès","service":"progease-api","timestamp":"2025-06-14 19:21:15"}
{"level":"info","message":"🚀 Serveur GraphQL démarré","service":"progease-api","timestamp":"2025-06-14 19:21:15"}
{"level":"info","message":"Serveur démarré sur le port 4000","service":"progease-api","timestamp":"2025-06-14 19:21:15"}
{"level":"info","message":"Mode: development","service":"progease-api","timestamp":"2025-06-14 19:21:15"}
{"level":"info","message":"GraphQL Playground: http://localhost:4000/graphql","service":"progease-api","timestamp":"2025-06-14 19:21:15"}
{"level":"info","message":"✅ Connexion à MongoDB établie avec succès","service":"progease-api","timestamp":"2025-06-14 19:21:17"}
{"level":"info","message":"🚀 Serveur GraphQL démarré","service":"progease-api","timestamp":"2025-06-14 19:21:17"}
{"level":"info","message":"Serveur démarré sur le port 4000","service":"progease-api","timestamp":"2025-06-14 19:21:17"}
{"level":"info","message":"Mode: development","service":"progease-api","timestamp":"2025-06-14 19:21:17"}
{"level":"info","message":"GraphQL Playground: http://localhost:4000/graphql","service":"progease-api","timestamp":"2025-06-14 19:21:17"}
{"level":"info","message":"✅ Connexion à MongoDB établie avec succès","service":"progease-api","timestamp":"2025-06-14 19:21:23"}
{"level":"info","message":"🚀 Serveur GraphQL démarré","service":"progease-api","timestamp":"2025-06-14 19:21:23"}
{"level":"info","message":"Serveur démarré sur le port 4000","service":"progease-api","timestamp":"2025-06-14 19:21:23"}
{"level":"info","message":"Mode: development","service":"progease-api","timestamp":"2025-06-14 19:21:23"}
{"level":"info","message":"GraphQL Playground: http://localhost:4000/graphql","service":"progease-api","timestamp":"2025-06-14 19:21:23"}
{"level":"info","message":"✅ Connexion à MongoDB établie avec succès","service":"progease-api","timestamp":"2025-06-14 19:21:29"}
{"level":"info","message":"🚀 Serveur GraphQL démarré","service":"progease-api","timestamp":"2025-06-14 19:21:29"}
{"level":"info","message":"Serveur démarré sur le port 4000","service":"progease-api","timestamp":"2025-06-14 19:21:29"}
{"level":"info","message":"Mode: development","service":"progease-api","timestamp":"2025-06-14 19:21:29"}
{"level":"info","message":"GraphQL Playground: http://localhost:4000/graphql","service":"progease-api","timestamp":"2025-06-14 19:21:29"}
{"level":"info","message":"✅ Connexion à MongoDB établie avec succès","service":"progease-api","timestamp":"2025-06-14 19:21:36"}
{"level":"info","message":"🚀 Serveur GraphQL démarré","service":"progease-api","timestamp":"2025-06-14 19:21:37"}
{"level":"info","message":"Serveur démarré sur le port 4000","service":"progease-api","timestamp":"2025-06-14 19:21:37"}
{"level":"info","message":"Mode: development","service":"progease-api","timestamp":"2025-06-14 19:21:37"}
{"level":"info","message":"GraphQL Playground: http://localhost:4000/graphql","service":"progease-api","timestamp":"2025-06-14 19:21:37"}
{"level":"info","message":"\u001b[0mGET /graphql \u001b[32m200\u001b[0m 1.022 ms - -\u001b[0m","service":"progease-api","timestamp":"2025-06-14 19:21:49"}
{"level":"info","message":"✅ Connexion à MongoDB établie avec succès","service":"progease-api","timestamp":"2025-06-24 18:52:36"}
{"level":"info","message":"🚀 Serveur GraphQL démarré","service":"progease-api","timestamp":"2025-06-24 18:52:36"}
{"level":"info","message":"Serveur démarré sur le port 4000","service":"progease-api","timestamp":"2025-06-24 18:52:36"}
{"level":"info","message":"Mode: development","service":"progease-api","timestamp":"2025-06-24 18:52:36"}
{"level":"info","message":"GraphQL Playground: http://localhost:4000/graphql","service":"progease-api","timestamp":"2025-06-24 18:52:36"}
{"level":"info","message":"✅ Connexion à MongoDB établie avec succès","service":"progease-api","timestamp":"2025-06-24 19:23:17"}
{"level":"info","message":"🚀 Serveur GraphQL démarré","service":"progease-api","timestamp":"2025-06-24 19:23:17"}
{"level":"info","message":"Serveur démarré sur le port 4000","service":"progease-api","timestamp":"2025-06-24 19:23:17"}
{"level":"info","message":"Mode: development","service":"progease-api","timestamp":"2025-06-24 19:23:17"}
{"level":"info","message":"GraphQL Playground: http://localhost:4000/graphql","service":"progease-api","timestamp":"2025-06-24 19:23:17"}
{"level":"info","message":"✅ Connexion à MongoDB établie avec succès","service":"progease-api","timestamp":"2025-06-24 19:26:37"}
{"level":"info","message":"🚀 Serveur GraphQL démarré","service":"progease-api","timestamp":"2025-06-24 19:26:37"}
{"level":"info","message":"Serveur démarré sur le port 4000","service":"progease-api","timestamp":"2025-06-24 19:26:37"}
{"level":"info","message":"Mode: development","service":"progease-api","timestamp":"2025-06-24 19:26:37"}
{"level":"info","message":"GraphQL Playground: http://localhost:4000/graphql","service":"progease-api","timestamp":"2025-06-24 19:26:37"}
{"level":"info","message":"✅ Connexion à MongoDB établie avec succès","service":"progease-api","timestamp":"2025-06-24 20:02:21"}
{"level":"info","message":"🚀 Serveur GraphQL démarré","service":"progease-api","timestamp":"2025-06-24 20:02:21"}
{"level":"info","message":"Serveur démarré sur le port 4000","service":"progease-api","timestamp":"2025-06-24 20:02:21"}
{"level":"info","message":"Mode: development","service":"progease-api","timestamp":"2025-06-24 20:02:21"}
{"level":"info","message":"GraphQL Playground: http://localhost:4000/graphql","service":"progease-api","timestamp":"2025-06-24 20:02:21"}
{"level":"info","message":"✅ Connexion à MongoDB établie avec succès","service":"progease-api","timestamp":"2025-06-24 20:20:14"}
{"level":"info","message":"🚀 Serveur GraphQL démarré","service":"progease-api","timestamp":"2025-06-24 20:20:14"}
{"level":"info","message":"Serveur démarré sur le port 4000","service":"progease-api","timestamp":"2025-06-24 20:20:14"}
{"level":"info","message":"Mode: development","service":"progease-api","timestamp":"2025-06-24 20:20:14"}
{"level":"info","message":"GraphQL Playground: http://localhost:4000/graphql","service":"progease-api","timestamp":"2025-06-24 20:20:14"}
{"level":"info","message":"✅ Connexion à MongoDB établie avec succès","service":"progease-api","timestamp":"2025-06-27 18:46:10"}
{"level":"info","message":"🚀 Serveur GraphQL démarré","service":"progease-api","timestamp":"2025-06-27 18:46:10"}
{"level":"info","message":"Serveur démarré sur le port 4000","service":"progease-api","timestamp":"2025-06-27 18:46:10"}
{"level":"info","message":"Mode: development","service":"progease-api","timestamp":"2025-06-27 18:46:10"}
{"level":"info","message":"GraphQL Playground: http://localhost:4000/graphql","service":"progease-api","timestamp":"2025-06-27 18:46:10"}
{"level":"info","message":"✅ Connexion à MongoDB établie avec succès","service":"progease-api","timestamp":"2025-06-27 19:48:30"}
{"level":"info","message":"🚀 Serveur GraphQL démarré","service":"progease-api","timestamp":"2025-06-27 19:48:30"}
{"level":"info","message":"Serveur démarré sur le port 4000","service":"progease-api","timestamp":"2025-06-27 19:48:30"}
{"level":"info","message":"Mode: development","service":"progease-api","timestamp":"2025-06-27 19:48:30"}
{"level":"info","message":"GraphQL Playground: http://localhost:4000/graphql","service":"progease-api","timestamp":"2025-06-27 19:48:30"}
{"level":"info","message":"✅ Connexion à MongoDB établie avec succès","service":"progease-api","timestamp":"2025-06-27 19:50:42"}
{"level":"info","message":"✅ Connexion à MongoDB établie avec succès","service":"progease-api","timestamp":"2025-06-27 19:52:19"}
{"level":"info","message":"🚀 Serveur GraphQL démarré","service":"progease-api","timestamp":"2025-06-27 19:52:19"}
{"level":"info","message":"Serveur démarré sur le port 4000","service":"progease-api","timestamp":"2025-06-27 19:52:19"}
{"level":"info","message":"Mode: development","service":"progease-api","timestamp":"2025-06-27 19:52:19"}
{"level":"info","message":"GraphQL Playground: http://localhost:4000/graphql","service":"progease-api","timestamp":"2025-06-27 19:52:19"}
{"level":"info","message":"✅ Connexion à MongoDB établie avec succès","service":"progease-api","timestamp":"2025-06-27 19:53:07"}
{"level":"info","message":"🚀 Serveur GraphQL démarré","service":"progease-api","timestamp":"2025-06-27 19:53:07"}
{"level":"info","message":"Serveur démarré sur le port 4000","service":"progease-api","timestamp":"2025-06-27 19:53:07"}
{"level":"info","message":"Mode: development","service":"progease-api","timestamp":"2025-06-27 19:53:07"}
{"level":"info","message":"GraphQL Playground: http://localhost:4000/graphql","service":"progease-api","timestamp":"2025-06-27 19:53:07"}
{"level":"info","message":"✅ Connexion à MongoDB établie avec succès","service":"progease-api","timestamp":"2025-06-27 19:54:14"}
{"level":"info","message":"✅ Connexion à MongoDB établie avec succès","service":"progease-api","timestamp":"2025-06-27 19:54:45"}
{"level":"info","message":"🚀 Serveur GraphQL démarré","service":"progease-api","timestamp":"2025-06-27 19:54:45"}
{"level":"info","message":"Serveur démarré sur le port 4000","service":"progease-api","timestamp":"2025-06-27 19:54:45"}
{"level":"info","message":"Mode: development","service":"progease-api","timestamp":"2025-06-27 19:54:45"}
{"level":"info","message":"GraphQL Playground: http://localhost:4000/graphql","service":"progease-api","timestamp":"2025-06-27 19:54:45"}
{"level":"info","message":"\u001b[0mGET /graphql \u001b[32m200\u001b[0m 0.835 ms - -\u001b[0m","service":"progease-api","timestamp":"2025-06-27 19:55:07"}
{"level":"info","message":"Rappels générés","nombreRappels":3,"projetId":"507f1f77bcf86cd799439011","service":"progease-api","timestamp":"2025-12-13 20:16:02"}
{"level":"info","message":"Rappels générés","nombreRappels":0,"projetId":"507f1f77bcf86cd799439011","service":"progease-api","timestamp":"2025-12-13 20:16:02"}
{"level":"error","message":"Erreur lors de la génération des rappels: Le projet est requis pour générer des rappels","service":"progease-api","stack":"Error: Le projet est requis pour générer des rappels\n    at Object.genererRappels (/home/runner/work/PROGEASE/PROGEASE/backend/src/services/scheduling.service.js:19:19)\n    at Object.genererRappels (/home/runner/work/PROGEASE/PROGEASE/backend/tests/services/scheduling.service.test.js:79:44)\n    at Promise.then.completed (/home/runner/work/PROGEASE/PROGEASE/backend/node_modules/jest-circus/build/utils.js:298:28)\n    at new Promise (<anonymous>)\n    at callAsyncCircusFn (/home/runner/work/PROGEASE/PROGEASE/backend/node_modules/jest-circus/build/utils.js:231:10)\n    at _callCircusTest (/home/runner/work/PROGEASE/PROGEASE/backend/node_modules/jest-circus/build/run.js:316:40)\n    at _runTest (/home/runner/work/PROGEASE/PROGEASE/backend/node_modules/jest-circus/build/run.js:252:3)\n    at _runTestsForDescribeBlock (/home/runner/work/PROGEASE/PROGEASE/backend/node_modules/jest-circus/build/run.js:126:9)\n    at _runTestsForDescribeBlock (/home/runner/work/PROGEASE/PROGEASE/backend/node_modules/jest-circus/build/run.js:121:9)\n    at _runTestsForDescribeBlock (/home/runner/work/PROGEASE/PROGEASE/backend/node_modules/jest-circus/build/run.js:121:9)\n    at run (/home/runner/work/PROGEASE/PROGEASE/backend/node_modules/jest-circus/build/run.js:71:3)\n    at runAndTransformResultsToJestFormat (/home/runner/work/PROGEASE/PROGEASE/backend/node_modules/jest-circus/build/legacy-code-todo-rewrite/jestAdapterInit.js:122:21)\n    at jestAdapter (/home/runner/work/PROGEASE/PROGEASE/backend/node_modules/jest-circus/build/legacy-code-todo-rewrite/jestAdapter.js:79:19)\n    at runTestInternal (/home/runner/work/PROGEASE/PROGEASE/backend/node_modules/jest-runner/build/runTest.js:367:16)\n    at runTest (/home/runner/work/PROGEASE/PROGEASE/backend/node_modules/jest-runner/build/runTest.js:444:34)","timestamp":"2025-12-13 20:16:02"}
{"frequence":"HEBDOMADAIRE","level":"info","message":"Événements planifiés","nombreEvenements":11,"projetId":"507f1f77bcf86cd799439011","service":"progease-api","timestamp":"2025-12-13 20:16:02"}
{"frequence":"HEBDOMADAIRE","level":"info","message":"Événements planifiés","nombreEvenements":16,"projetId":"507f1f77bcf86cd799439011","service":"progease-api","timestamp":"2025-12-13 20:16:02"}
{"level":"error","message":"Erreur lors de la planification des événements: Les dates du projet sont requises","service":"progease-api","stack":"Error: Les dates du projet sont requises\n    at Object.planifierEvenements (/home/runner/work/PROGEASE/PROGEASE/backend/src/services/scheduling.service.js:108:19)\n    at Object.planifierEvenements (/home/runner/work/PROGEASE/PROGEASE/backend/tests/services/scheduling.service.test.js:151:44)\n    at Promise.then.completed (/home/runner/work/PROGEASE/PROGEASE/backend/node_modules/jest-circus/build/utils.js:298:28)\n    at new Promise (<anonymous>)\n    at callAsyncCircusFn (/home/runner/work/PROGEASE/PROGEASE/backend/node_modules/jest-circus/build/utils.js:231:10)\n    at _callCircusTest (/home/runner/work/PROGEASE/PROGEASE/backend/node_modules/jest-circus/build/run.js:316:40)\n    at _runTest (/home/runner/work/PROGEASE/PROGEASE/backend/node_modules/jest-circus/build/run.js:252:3)\n    at _runTestsForDescribeBlock (/home/runner/work/PROGEASE/PROGEASE/backend/node_modules/jest-circus/build/run.js:126:9)\n    at _runTestsForDescribeBlock (/home/runner/work/PROGEASE/PROGEASE/backend/node_modules/jest-circus/build/run.js:121:9)\n    at _runTestsForDescribeBlock (/home/runner/work/PROGEASE/PROGEASE/backend/node_modules/jest-circus/build/run.js:121:9)\n    at run (/home/runner/work/PROGEASE/PROGEASE/backend/node_modules/jest-circus/build/run.js:71:3)\n    at runAndTransformResultsToJestFormat (/home/runner/work/PROGEASE/PROGEASE/backend/node_modules/jest-circus/build/legacy-code-todo-rewrite/jestAdapterInit.js:122:21)\n    at jestAdapter (/home/runner/work/PROGEASE/PROGEASE/backend/node_modules/jest-circus/build/legacy-code-todo-rewrite/jestAdapter.js:79:19)\n    at runTestInternal (/home/runner/work/PROGEASE/PROGEASE/backend/node_modules/jest-runner/build/runTest.js:367:16)\n    at runTest (/home/runner/work/PROGEASE/PROGEASE/backend/node_modules/jest-runner/build/runTest.js:444:34)","timestamp":"2025-12-13 20:16:02"}
{"destinataires":2,"level":"info","message":"Notification envoyée","service":"progease-api","timestamp":"2025-12-13 20:16:02","type":"DEADLINE_PROJET"}
{"level":"info","message":"Détection de conflits terminée","nombreConflits":1,"nombreEvenements":2,"service":"progease-api","timestamp":"2025-12-13 20:16:02"}
{"level":"info","message":"Détection de conflits terminée","nombreConflits":0,"nombreEvenements":2,"service":"progease-api","timestamp":"2025-12-13 20:16:02"}
{"level":"info","message":"Rappels générés","nombreRappels":3,"projetId":"507f1f77bcf86cd799439011","service":"progease-api","timestamp":"2025-12-13 20:17:40"}
{"level":"info","message":"✅ Mode test forcé pour les tests","service":"progease-api","timestamp":"2025-12-13 20:17:40"}
{"level":"info","message":"Rappels générés","nombreRappels":0,"projetId":"507f1f77bcf86cd799439011","service":"progease-api","timestamp":"2025-12-13 20:17:40"}
{"level":"error","message":"Erreur lors de la génération des rappels: Le projet est requis pour générer des rappels","service":"progease-api","stack":"Error: Le projet est requis pour générer des rappels\n    at Object.genererRappels (/home/runner/work/PROGEASE/PROGEASE/backend/src/services/scheduling.service.js:19:19)\n    at Object.genererRappels (/home/runner/work/PROGEASE/PROGEASE/backend/tests/services/scheduling.service.test.js:79:44)\n    at Promise.then.completed (/home/runner/work/PROGEASE/PROGEASE/backend/node_modules/jest-circus/build/utils.js:298:28)\n    at new Promise (<anonymous>)\n    at callAsyncCircusFn (/home/runner/work/PROGEASE/PROGEASE/backend/node_modules/jest-circus/build/utils.js:231:10)\n    at _callCircusTest (/home/runner/work/PROGEASE/PROGEASE/backend/node_modules/jest-circus/build/run.js:316:40)\n    at _runTest (/home/runner/work/PROGEASE/PROGEASE/backend/node_modules/jest-circus/build/run.js:252:3)\n    at _runTestsForDescribeBlock (/home/runner/work/PROGEASE/PROGEASE/backend/node_modules/jest-circus/build/run.js:126:9)\n    at _runTestsForDescribeBlock (/home/runner/work/PROGEASE/PROGEASE/backend/node_modules/jest-circus/build/run.js:121:9)\n    at _runTestsForDescribeBlock (/home/runner/work/PROGEASE/PROGEASE/backend/node_modules/jest-circus/build/run.js:121:9)\n    at run (/home/runner/work/PROGEASE/PROGEASE/backend/node_modules/jest-circus/build/run.js:71:3)\n    at runAndTransformResultsToJestFormat (/home/runner/work/PROGEASE/PROGEASE/backend/node_modules/jest-circus/build/legacy-code-todo-rewrite/jestAdapterInit.js:122:21)\n    at jestAdapter (/home/runner/work/PROGEASE/PROGEASE/backend/node_modules/jest-circus/build/legacy-code-todo-rewrite/jestAdapter.js:79:19)\n    at runTestInternal (/home/runner/work/PROGEASE/PROGEASE/backend/node_modules/jest-runner/build/runTest.js:367:16)\n    at runTest (/home/runner/work/PROGEASE/PROGEASE/backend/node_modules/jest-runner/build/runTest.js:444:34)","timestamp":"2025-12-13 20:17:40"}
{"frequence":"HEBDOMADAIRE","level":"info","message":"Événements planifiés","nombreEvenements":11,"projetId":"507f1f77bcf86cd799439011","service":"progease-api","timestamp":"2025-12-13 20:17:40"}
{"frequence":"HEBDOMADAIRE","level":"info","message":"Événements planifiés","nombreEvenements":16,"projetId":"507f1f77bcf86cd799439011","service":"progease-api","timestamp":"2025-12-13 20:17:40"}
{"level":"error","message":"Erreur lors de la planification des événements: Les dates du projet sont requises","service":"progease-api","stack":"Error: Les dates du projet sont requises\n    at Object.planifierEvenements (/home/runner/work/PROGEASE/PROGEASE/backend/src/services/scheduling.service.js:108:19)\n    at Object.planifierEvenements (/home/runner/work/PROGEASE/PROGEASE/backend/tests/services/scheduling.service.test.js:151:44)\n    at Promise.then.completed (/home/runner/work/PROGEASE/PROGEASE/backend/node_modules/jest-circus/build/utils.js:298:28)\n    at new Promise (<anonymous>)\n    at callAsyncCircusFn (/home/runner/work/PROGEASE/PROGEASE/backend/node_modules/jest-circus/build/utils.js:231:10)\n    at _callCircusTest (/home/runner/work/PROGEASE/PROGEASE/backend/node_modules/jest-circus/build/run.js:316:40)\n    at _runTest (/home/runner/work/PROGEASE/PROGEASE/backend/node_modules/jest-circus/build/run.js:252:3)\n    at _runTestsForDescribeBlock (/home/runner/work/PROGEASE/PROGEASE/backend/node_modules/jest-circus/build/run.js:126:9)\n    at _runTestsForDescribeBlock (/home/runner/work/PROGEASE/PROGEASE/backend/node_modules/jest-circus/build/run.js:121:9)\n    at _runTestsForDescribeBlock (/home/runner/work/PROGEASE/PROGEASE/backend/node_modules/jest-circus/build/run.js:121:9)\n    at run (/home/runner/work/PROGEASE/PROGEASE/backend/node_modules/jest-circus/build/run.js:71:3)\n    at runAndTransformResultsToJestFormat (/home/runner/work/PROGEASE/PROGEASE/backend/node_modules/jest-circus/build/legacy-code-todo-rewrite/jestAdapterInit.js:122:21)\n    at jestAdapter (/home/runner/work/PROGEASE/PROGEASE/backend/node_modules/jest-circus/build/legacy-code-todo-rewrite/jestAdapter.js:79:19)\n    at runTestInternal (/home/runner/work/PROGEASE/PROGEASE/backend/node_modules/jest-runner/build/runTest.js:367:16)\n    at runTest (/home/runner/work/PROGEASE/PROGEASE/backend/node_modules/jest-runner/build/runTest.js:444:34)","timestamp":"2025-12-13 20:17:40"}
{"destinataires":2,"level":"info","message":"Notification envoyée","service":"progease-api","timestamp":"2025-12-13 20:17:40","type":"DEADLINE_PROJET"}
{"level":"info","message":"Détection de conflits terminée","nombreConflits":1,"nombreEvenements":2,"service":"progease-api","timestamp":"2025-12-13 20:17:40"}
{"level":"info","message":"Détection de conflits terminée","nombreConflits":0,"nombreEvenements":2,"service":"progease-api","timestamp":"2025-12-13 20:17:40"}
{"dataSize":215,"level":"info","message":"Analyse de projet en cours","service":"progease-api","timestamp":"2025-12-13 20:17:40"}
{"dataSize":4,"level":"info","message":"Analyse de projet en cours","service":"progease-api","timestamp":"2025-12-13 20:17:40"}
{"level":"info","message":"Traitement d'une requete IA","model":"test-model","promptLength":1066,"service":"progease-api","timestamp":"2025-12-13 20:17:40"}
{"level":"info","message":"Traitement d'une requete IA","model":"test-model","promptLength":1001,"service":"progease-api","timestamp":"2025-12-13 20:17:40"}
{"level":"info","message":"Traitement d'une requete IA","model":"test-model","promptLength":885,"service":"progease-api","timestamp":"2025-12-13 20:17:40"}
